# cycle time_ps ek_before_kcal_mol target_ek_kcal_mol reason
1 0.100000 0.05417855 6.00000000 LOW
2 0.200000 1.18729389 6.00000000 LOW
3 0.300000 0.65556643 6.00000000 LOW
4 0.400000 0.25435336 6.00000000 LOW
5 0.500000 0.02149317 6.00000000 LOW
6 0.600000 0.03786304 6.00000000 LOW
7 0.700000 0.33494683 6.00000000 LOW
8 0.800000 0.43806006 6.00000000 LOW
9 0.900000 1.08625895 6.00000000 LOW
10 1.000000 0.47947775 6.00000000 LOW
11 1.100000 1.13747315 6.00000000 LOW
12 1.200000 0.38909737 6.00000000 LOW
13 1.300000 0.07933531 6.00000000 LOW
14 1.400000 0.00243376 6.00000000 LOW
15 1.500000 0.00043345 6.00000000 LOW
16 1.600000 0.03820584 6.00000000 LOW
17 1.700000 1.19993049 6.00000000 LOW
18 1.800000 2.09985107 6.00000000 LOW
19 1.900000 0.00410532 6.00000000 LOW
20 2.000000 0.35643974 6.00000000 LOW
21 2.100000 0.72848156 6.00000000 LOW
22 2.200000 2.45232256 6.00000000 LOW
23 2.300000 0.11211966 6.00000000 LOW
24 2.400000 0.52111263 6.00000000 LOW
25 2.500000 1.39290165 6.00000000 LOW
26 2.600000 1.59154587 6.00000000 LOW
27 2.700000 0.02529713 6.00000000 LOW
28 2.800000 0.00011403 6.00000000 LOW
29 2.900000 0.00833860 6.00000000 LOW
30 3.000000 0.00097401 6.00000000 LOW
31 3.100000 0.00005669 6.00000000 LOW
32 3.200000 0.55098298 6.00000000 LOW
33 3.300000 0.94984716 6.00000000 LOW
34 3.400000 1.27955645 6.00000000 LOW
35 3.500000 0.30928656 6.00000000 LOW
36 3.600000 0.38554330 6.00000000 LOW
37 3.700000 0.11397292 6.00000000 LOW
38 3.800000 0.28705978 6.00000000 LOW
39 3.900000 0.12246351 6.00000000 LOW
40 4.000000 0.39164562 6.00000000 LOW
41 4.100000 0.05063164 6.00000000 LOW
42 4.200000 0.59942930 6.00000000 LOW
43 4.300000 0.00958952 6.00000000 LOW
44 4.400000 0.02798064 6.00000000 LOW
45 4.500000 0.34179097 6.00000000 LOW
46 4.600000 0.00559822 6.00000000 LOW
47 4.700000 0.20393099 6.00000000 LOW
48 4.800000 0.63274729 6.00000000 LOW
49 4.900000 0.08765675 6.00000000 LOW
50 5.000000 0.34617985 6.00000000 LOW
