#"Step","Time (ps)","Potential Energy (kJ/mole)","Kinetic Energy (kJ/mole)","Total Energy (kJ/mole)","Temperature (K)","Box Volume (nm^3)","Density (g/mL)","Speed (ns/day)"
50,0.10000000000000007,-1384236.0549098514,254695.32181147614,-1129540.7330983751,299.9466957737262,983.4114970322552,1.0399999511087241,0
100,0.20000000000000015,-1384405.3644662984,254881.79590604745,-1129523.568560251,300.1663004689215,983.4114970322552,1.0399999511087241,23.3
150,0.3000000000000002,-1384740.9556148062,255322.7527856902,-1129418.202829116,300.6856015620347,983.4114970322552,1.0399999511087241,23.3
200,0.4000000000000003,-1384778.2511706501,255266.16974618414,-1129512.0814244659,300.6189654902924,983.4114970322552,1.0399999511087241,16
250,0.5000000000000003,-1384838.7227391005,255178.6158608346,-1129660.1068782657,300.5158560243392,983.4114970322552,1.0399999511087241,16.7
300,0.6000000000000004,-1384025.625741084,254461.04612711025,-1129564.5796139739,299.6707966448146,983.4114970322552,1.0399999511087241,17.7
350,0.7000000000000005,-1383554.3036479782,254033.2815249883,-1129521.0221229899,299.1670316833583,983.5980433968249,1.03980270772121,15.7
400,0.8000000000000006,-1384987.2375107417,255306.21965815793,-1129681.0178525837,300.6661310160552,984.1523915719649,1.0392170131291252,16.5
450,0.9000000000000007,-1384761.6480567232,255020.52181703591,-1129741.1262396872,300.3296736252215,984.1523915719649,1.0392170131291252,17.1
500,1.0000000000000007,-1384038.526673383,254569.81366936752,-1129468.7130040156,299.7988887694577,984.1523915719649,1.0392170131291252,15.6
550,1.1000000000000008,-1384584.0978439767,254897.24631188854,-1129686.8515320881,300.1844959275088,984.1523915719649,1.0392170131291252,15.9
600,1.2000000000000008,-1385509.1018247064,255714.05138527302,-1129795.0504394334,301.14642165551345,984.1523915719649,1.0392170131291252,16.4
650,1.300000000000001,-1385633.6447228678,255661.64807787776,-1129971.99664499,301.084707923243,984.1523915719649,1.0392170131291252,15.6
700,1.400000000000001,-1385176.1027203556,255180.47113733873,-1129995.6315830168,300.518040925315,984.1523915719649,1.0392170131291252,16
750,1.500000000000001,-1384408.6263020094,254469.8072639621,-1129938.8190380475,299.6811143610225,984.1523915719649,1.0392170131291252,16.2
800,1.6000000000000012,-1384805.991928216,254797.5330038808,-1130008.4589243352,300.0670666906902,984.1523915719649,1.0392170131291252,15.5
850,1.7000000000000013,-1384998.0168744754,254574.85355036863,-1130423.1633241067,299.8048240793119,984.1883861727785,1.0391790059731054,15.8
900,1.8000000000000014,-1385587.5943392105,255142.1959246103,-1130445.3984146002,300.4729654072165,984.1883861727785,1.0391790059731054,16.2
950,1.9000000000000015,-1385407.985093304,254533.73075828765,-1130874.2543350162,299.75639505628175,984.1883861727785,1.0391790059731054,15.6
1000,2.0000000000000013,-1385065.0353754824,254155.74840072708,-1130909.2869747553,299.31125708356717,984.1883861727785,1.0391790059731054,15.8
1050,2.0999999999999903,-1385573.789096862,254418.99930431365,-1131154.7897925484,299.62127941977906,984.1883861727785,1.0391790059731054,16
1100,2.1999999999999793,-1385161.2610559994,253884.89166167198,-1131276.3693943275,298.9922775933676,984.2709778647481,1.0390918068640256,6.67
1150,2.2999999999999683,-1385043.4238205384,253652.55786146875,-1131390.8659590697,298.71866536055603,984.2709778647481,1.0390918068640256,6.89
1200,2.3999999999999573,-1385491.8116763541,253793.98472037094,-1131697.8269559832,298.885219338539,984.2709778647481,1.0390918068640256,6.98
1250,2.4999999999999463,-1385511.6096432796,253902.05153207364,-1131609.558111206,299.0124862347761,984.2709778647481,1.0390918068640256,7.17
1300,2.5999999999999353,-1386633.2740293238,254989.41850724976,-1131643.855522074,300.29304423237824,984.2709778647481,1.0390918068640256,7.37
1350,2.6999999999999242,-1385238.8374369573,253581.85639783996,-1131656.9810391173,298.6354024633383,984.2709778647481,1.0390918068640256,7.44
1400,2.7999999999999132,-1384580.7516007926,252966.2492737152,-1131614.5023270776,297.9104212526011,984.2709778647481,1.0390918068640256,7.63
1450,2.899999999999902,-1385175.8086402053,253480.78986291168,-1131695.0187772936,298.5163795735992,984.2709778647481,1.0390918068640256,7.82
1500,2.999999999999891,-1385855.36201288,254195.472879862,-1131659.889133018,299.35803935727796,984.3810848780853,1.0389755802347311,7.85
1550,3.09999999999988,-1386151.224169761,254601.9343071945,-1131549.2898625664,299.8367162376413,984.3810848780853,1.0389755802347311,8.01
1600,3.199999999999869,-1385729.2639899924,254242.5842175821,-1131486.6797724103,299.4135209027658,984.3810848780853,1.0389755802347311,8.19
1650,3.299999999999858,-1386125.6138020009,254652.35792172386,-1131473.2558802771,299.89609854768725,984.3810848780853,1.0389755802347311,8.23
1700,3.399999999999847,-1386330.1440044986,254731.88685550066,-1131598.2571489979,299.9897572797562,984.3810848780853,1.0389755802347311,8.39
1750,3.499999999999836,-1386405.0192602845,254732.37311224008,-1131672.6461480444,299.990329929074,984.3810848780853,1.0389755802347311,8.53
1800,3.599999999999825,-1386469.9856940806,255130.9882484461,-1131338.9974456346,300.4597664783597,984.3810848780853,1.0389755802347311,8.55
1850,3.699999999999814,-1385162.4302284187,253884.24973464524,-1131278.1804937734,298.9915216160327,984.3810848780853,1.0389755802347311,8.71
1900,3.799999999999803,-1385158.3425929546,253956.82689103193,-1131201.5157019226,299.07699345780827,984.3810848780853,1.0389755802347311,8.86
1950,3.899999999999792,-1385634.414281644,254492.72734475025,-1131141.6869368937,299.70810662161983,984.5664493983226,1.0387799720966655,9
2000,3.999999999999781,-1387287.584967033,256164.2304006971,-1131123.354566336,301.6765833688215,984.5664493983226,1.0387799720966655,9
2050,4.0999999999997705,-1385598.5837585833,254724.31422583602,-1130874.2695327473,299.9808392312028,984.5664493983226,1.0387799720966655,9.13
2100,4.1999999999997595,-1384957.83815254,254137.47415036653,-1130820.3640021733,299.28973607181706,984.5664493983226,1.0387799720966655,9.27
2150,4.2999999999997485,-1384841.9872372122,253994.03192941798,-1130847.9553077943,299.12080866513384,983.5505229295861,1.0398529460255526,9.27
2200,4.3999999999997375,-1385071.29861404,254221.0078183145,-1130850.2907957255,299.3881110537706,983.5505229295861,1.0398529460255526,9.41
2250,4.499999999999726,-1386579.6772765564,256022.9371683359,-1130556.7401082204,301.5101867586266,983.5505229295861,1.0398529460255526,9.51
2300,4.599999999999715,-1384514.8546795053,254087.38000989333,-1130427.474669612,299.2307417730381,983.5505229295861,1.0398529460255526,9.52
2350,4.699999999999704,-1385230.0976297082,255201.48208975632,-1130028.615539952,300.5427848652818,983.5505229295861,1.0398529460255526,9.64
2400,4.799999999999693,-1384946.7354755234,255170.86189377392,-1129775.8735817494,300.5067244204195,983.5505229295861,1.0398529460255526,9.76
2450,4.899999999999682,-1385410.4881138317,255702.68222234864,-1129707.805891483,301.13303254876183,983.5505229295861,1.0398529460255526,9.88
2500,4.999999999999671,-1384289.4495392311,255040.48652526166,-1129248.9630139694,300.3531854362034,984.2359993138189,1.0391287349236702,9.86
