===== pyAdMD distribution validation =====
DATE       : Tue Sep 15 22:34:05 CEST 2026
HOST       : c23gpu1
DIST       : /home/2022004/dperah02/GRESH/PMI/1pmi-capmi/1pmi-md/pyaMDeNM/pyAdMD-extcollect/openmm-gpu/pyadmd-distrib
PYTHONPATH : /home/2022004/dperah02/GRESH/PMI/1pmi-capmi/1pmi-md/pyaMDeNM/pyAdMD-extcollect/openmm-gpu/pyadmd-distrib/src
pyadmd   = /home/2022004/dperah02/GRESH/PMI/1pmi-capmi/1pmi-md/pyaMDeNM/pyAdMD-extcollect/openmm-gpu/pyadmd-distrib/src/pyadmd/__init__.py
runner   = /home/2022004/dperah02/GRESH/PMI/1pmi-capmi/1pmi-md/pyaMDeNM/pyAdMD-extcollect/openmm-gpu/pyadmd-distrib/src/pyadmd/simulation/runner.py
subspace = /home/2022004/dperah02/GRESH/PMI/1pmi-capmi/1pmi-md/pyaMDeNM/pyAdMD-extcollect/openmm-gpu/pyadmd-distrib/src/pyadmd/modes/subspace.py

[5;36m
                            █████████       █████ ██████   ██████ ██████████
                           ███░░░░░███     ░░███ ░░██████ ██████ ░░███░░░░███
     ████████  █████ ████ ░███    ░███   ███████  ░███░█████░███  ░███   ░░███
    ░░███░░███░░███ ░███  ░███████████  ███░░███  ░███░░███ ░███  ░███    ░███
     ░███ ░███ ░███ ░███  ░███░░░░░███ ░███ ░███  ░███ ░░░  ░███  ░███    ░███
     ░███ ░███ ░███ ░███  ░███    ░███ ░███ ░███  ░███      ░███  ░███    ███
     ░███████  ░░███████  █████   █████░░████████ █████     █████ ██████████
     ░███░░░    ░░░░░███ ░░░░░   ░░░░░  ░░░░░░░░ ░░░░░     ░░░░░ ░░░░░░░░░░
     ░███       ███ ░███
     █████     ░░██████
    ░░░░░       ░░░░░░
    [0m
		[2;106mAdaptive Molecular Dynamics with Python[0m
			     version: 3.2.2

  Please cite:

    	Adaptive Normal Mode Sampling (aMDeNM) Enhances Exploration of Protein Conformational Space
    	and Reveals the Functional Role of Frequency Coupling.
    	P.T. Resende-Lara, M.G.S. Costa, B. Dudas, J. Czigleczki, E. Balog, D. Perahia.
    	J. Chem. Theory Comput. 14 July 2026; 22 (13): 6304–6321. https://doi.org/10.1021/acs.jctc.6c00398


The Adaptive Molecular Dynamics with Excited Normal Modes (aMDeNM) method applies a kinetic excitation of normal modes (NMs)
to enhance molecular dynamics simulations sampling. This technique consists in injecting additional atomic velocities along
uniformily distributed combinations of NM vectors, creating an effective coupling between slow and fast molecular motions.
The motions described by preselected directions of low-frequency NMs are dynamically adjusted throughout the simulation.
By coupling low-frequency NM excitation with adaptive directional adjustments, aMDeNM facilitates extensive exploration of
the energy landscape, overcoming the constraints of fixed, rectilinear displacements and alleviating structural stresses and
environmental resistance. Importantly, aMDeNM requires only an initial structure without the need to specify predefined
target states, distinguishing it from many biased sampling techniques that rely on predefined target conformations.

..:[32mpyAdMD> [0m[2;106mSetup and run aMDeNM simulations[0m

..:[32mpyAdMD> [0mBundled [32mcharmm_toppar.zip[0m copied to [32minputs/[0m.
..+[33mpyAdMD-Wrn> [0mFile [33mstep3_pbcsetup.psf[0m was copied to inputs folder.
..+[33mpyAdMD-Wrn> [0mFile [33mstep5_1.pdb[0m was copied to inputs folder.
..+[33mpyAdMD-Wrn> [0mFile [33mequil-final.xml[0m was copied to inputs folder.
..+[33mpyAdMD-Wrn> [0mFile [33mstep3_input.str[0m was copied to inputs folder.
..:[32mpyAdMD> [0mReading OpenMM restart file: [32mequil-final.xml[0m...
..:[32mpyAdMD> [0mReference state saved to [32minputs/init_reference_*.npy[0m.

..:[32mpyAdMD> [0m[1;100mComputing [32mCα ENM[0m[1;100m and writing normal mode vectors [32m7,8,9[0m.
..:[32mpyAdMD> [0mSelection '[32mprotein[0m' matched [32m6855[0m atoms (of [32m6855[0m total).
..:[32mpyAdMD> [0mSelected [32m440[0m Cα atoms.
..:[32mpyAdMD> [0mAdded [32m11820[0m ENM bonds with cutoff=[32m15.0[0m Å, min_distance=[32m0.29[0m Å, k=[32m1.0[0m kcal/mol/Å².
..:[32mpyAdMD> [0mCα structure saved to [32m/home/2022004/dperah02/GRESH/PMI/1pmi-capmi/1pmi-md/pyaMDeNM/pyAdMD-extcollect/openmm-gpu/pyadmd-distrib/examples/1pmi/run-enm-harmonized/inputs/equil-final_enm/equil-final_ca_structure.pdb[0m.
..:[32mpyAdMD> [0mComputing sparse Hessian for [32m440[0m particles ([32m11820[0m bonds)...
..:[32mpyAdMD> [0mSparse Hessian: [32m216,720[0m non-zeros ([32m12.438%[0m density).
..:[32mpyAdMD> [0mENM Hessian computed in [32m0.18[0m seconds.
..:[32mpyAdMD> [0mDiagonalizing sparse mass-weighted Hessian...
..:[32mpyAdMD> [0mDiagonalization completed in [32m0.14[0m seconds.
..:[32mpyAdMD> [0mWriting vectors and trajectories for modes [32m7, 8, 9[0m...
..:[32mpyAdMD> [0mResults saved to [32m/home/2022004/dperah02/GRESH/PMI/1pmi-capmi/1pmi-md/pyaMDeNM/pyAdMD-extcollect/openmm-gpu/pyadmd-distrib/examples/1pmi/run-enm-harmonized/inputs/equil-final_enm/equil-final_ca_*.npy[0m files.

..:[32mpyAdMD> [0mGenerating [32m1[0m uniformly distributed combinations of modes [32m7,8,9[0m (seed=[32m42[0m).
..:[32mpyAdMD> [0mConverged after [33m1[0m iterations.
..:[32mpyAdMD> [0mCombination factors written at [32m/home/2022004/dperah02/GRESH/PMI/1pmi-capmi/1pmi-md/pyaMDeNM/pyAdMD-extcollect/openmm-gpu/pyadmd-distrib/examples/1pmi/run-enm-harmonized/rep-struct-list/factors.csv[0m.
..:[32mpyAdMD> [0mCombination vectors written at [32m/home/2022004/dperah02/GRESH/PMI/1pmi-capmi/1pmi-md/pyaMDeNM/pyAdMD-extcollect/openmm-gpu/pyadmd-distrib/examples/1pmi/run-enm-harmonized/rep-struct-list/rep*_vector.vec[0m.

..:[32mpyAdMD> [0mParameters saved to [32mpyAdMD_params.json[0m.
..:[32mpyAdMD> [0mSTR cell: [32mcubic[0m  a=102.000 b=102.000 c=102.000 Ang  alpha=90.00 beta=90.00 gamma=90.00 deg
Added Zn coordination restraints: Zn=6855, ligands=[1730, 1758, 2141, 4470], r0=2.1 A, k=120 kcal/mol/A^2
0 HarmonicBondForce
1 HarmonicAngleForce
2 HarmonicBondForce
3 PeriodicTorsionForce
4 CustomTorsionForce
5 CMAPTorsionForce
6 NonbondedForce
7 CustomNonbondedForce
8 CMMotionRemover
9 HarmonicBondForce
HarmonicBondForce 0 nbonds = 69107
HarmonicBondForce 2 nbonds = 6089
HarmonicBondForce 9 nbonds = 4
Zn restraint: 6855 1730 0.21000000000000002 nm 50208.00000000001 kJ/(nm**2 mol)
Zn restraint: 6855 1758 0.21000000000000002 nm 50208.00000000001 kJ/(nm**2 mol)
Zn restraint: 6855 2141 0.21000000000000002 nm 50208.00000000001 kJ/(nm**2 mol)
Zn restraint: 6855 4470 0.21000000000000002 nm 50208.00000000001 kJ/(nm**2 mol)
..:[32mpyAdMD> [0mOpenMM system built: [32m100319[0m atoms, type=[32mglobular[0m.
..:[32mpyAdMD> [0mSystem atom count verified: [32m100319[0m atoms in both OpenMM system and PSF.

..:[32mpyAdMD> [0m[1;100mStarting Adaptive MDeNM for [32mReplica 1[0m
..:[32mpyAdMD> [0mWriting the excitation vector with a Ek injection of [32m6.0[0m kcal/mol.
..:[32mpyAdMD> [0mSelection '[32mprotein[0m' matched [32m6855[0m atoms (of [32m6855[0m total).
..:[32mpyAdMD> [0mSelected [32m440[0m Cα atoms.
..:[32mpyAdMD> [0mAdded [32m11820[0m ENM bonds with cutoff=[32m15.0[0m Å, min_distance=[32m0.29[0m Å, k=[32m1.0[0m kcal/mol/Å².
..:[32mpyAdMD> [0mCα structure saved to [32m/home/2022004/dperah02/GRESH/PMI/1pmi-capmi/1pmi-md/pyaMDeNM/pyAdMD-extcollect/openmm-gpu/pyadmd-distrib/examples/1pmi/run-enm-harmonized/rep1/subspace_initial_enm/subspace_initial_ca_structure.pdb[0m.
..:[32mpyAdMD> [0mComputing sparse Hessian for [32m440[0m particles ([32m11820[0m bonds)...
..:[32mpyAdMD> [0mSparse Hessian: [32m216,720[0m non-zeros ([32m12.438%[0m density).
..:[32mpyAdMD> [0mENM Hessian computed in [32m0.18[0m seconds.
..:[32mpyAdMD> [0mDiagonalizing sparse mass-weighted Hessian...
..:[32mpyAdMD> [0mDiagonalization completed in [32m0.14[0m seconds.
..:[32mpyAdMD> [0mWriting vectors and trajectories for modes [32m7, 8, 9[0m...
..:[32mpyAdMD> [0mResults saved to [32m/home/2022004/dperah02/GRESH/PMI/1pmi-capmi/1pmi-md/pyaMDeNM/pyAdMD-extcollect/openmm-gpu/pyadmd-distrib/examples/1pmi/run-enm-harmonized/rep1/subspace_initial_enm/subspace_initial_ca_*.npy[0m files.
..:[32mpyAdMD> [0mInitial ENM subspace stored: 3 modes on 440 selected atoms.
..:[32mpyAdMD> [0mOpenMM platform: [32mCUDA[0m.
..:[32mpyAdMD> [0m22:34:31 [32mReplica 1[0m: running [32mstep [33m1[0m/[32m50[0m...
..:[32mpyAdMD> [0mReplica 1: excitation velocity reinjection #1 at 0.100 ps (EkQ=0.054179, target=6.000000 kcal/mol, LOW).
..:[32mpyAdMD> [0mReplica 1: EkQ BEFORE=0.05417855 IMMEDIATE_AFTER=6.00000004 TARGET=6.00000000
..:[32mpyAdMD> [0m22:34:33 [32mReplica 1[0m: running [32mstep [33m2[0m/[32m50[0m...
..:[32mpyAdMD> [0mReplica 1: excitation velocity reinjection #2 at 0.200 ps (EkQ=1.187294, target=6.000000 kcal/mol, LOW).
..:[32mpyAdMD> [0mReplica 1: EkQ BEFORE=1.18729389 IMMEDIATE_AFTER=6.00000003 TARGET=6.00000000
..:[32mpyAdMD> [0m22:34:34 [32mReplica 1[0m: running [32mstep [33m3[0m/[32m50[0m...
..:[32mpyAdMD> [0mReplica 1: excitation velocity reinjection #3 at 0.300 ps (EkQ=0.655566, target=6.000000 kcal/mol, LOW).
..:[32mpyAdMD> [0mReplica 1: EkQ BEFORE=0.65556643 IMMEDIATE_AFTER=6.00000005 TARGET=6.00000000
..:[32mpyAdMD> [0m22:34:34 [32mReplica 1[0m: running [32mstep [33m4[0m/[32m50[0m...
..:[32mpyAdMD> [0mReplica 1: excitation velocity reinjection #4 at 0.400 ps (EkQ=0.254353, target=6.000000 kcal/mol, LOW).
..:[32mpyAdMD> [0mReplica 1: EkQ BEFORE=0.25435336 IMMEDIATE_AFTER=6.00000005 TARGET=6.00000000
..:[32mpyAdMD> [0m22:34:35 [32mReplica 1[0m: running [32mstep [33m5[0m/[32m50[0m...
..:[32mpyAdMD> [0mReplica 1: excitation velocity reinjection #5 at 0.500 ps (EkQ=0.021493, target=6.000000 kcal/mol, LOW).
..:[32mpyAdMD> [0mReplica 1: EkQ BEFORE=0.02149317 IMMEDIATE_AFTER=6.00000004 TARGET=6.00000000
..:[32mpyAdMD> [0m22:34:35 [32mReplica 1[0m: running [32mstep [33m6[0m/[32m50[0m...
..:[32mpyAdMD> [0mReplica 1: excitation velocity reinjection #6 at 0.600 ps (EkQ=0.037863, target=6.000000 kcal/mol, LOW).
..:[32mpyAdMD> [0mReplica 1: EkQ BEFORE=0.03786304 IMMEDIATE_AFTER=6.00000004 TARGET=6.00000000
..:[32mpyAdMD> [0m22:34:36 [32mReplica 1[0m: running [32mstep [33m7[0m/[32m50[0m...
..:[32mpyAdMD> [0mReplica 1: excitation velocity reinjection #7 at 0.700 ps (EkQ=0.334947, target=6.000000 kcal/mol, LOW).
..:[32mpyAdMD> [0mReplica 1: EkQ BEFORE=0.33494683 IMMEDIATE_AFTER=6.00000003 TARGET=6.00000000
..:[32mpyAdMD> [0m22:34:36 [32mReplica 1[0m: running [32mstep [33m8[0m/[32m50[0m...
..:[32mpyAdMD> [0mReplica 1: excitation velocity reinjection #8 at 0.800 ps (EkQ=0.438060, target=6.000000 kcal/mol, LOW).
..:[32mpyAdMD> [0mReplica 1: EkQ BEFORE=0.43806006 IMMEDIATE_AFTER=6.00000003 TARGET=6.00000000
..:[32mpyAdMD> [0m22:34:37 [32mReplica 1[0m: running [32mstep [33m9[0m/[32m50[0m...
..:[32mpyAdMD> [0mReplica 1: excitation velocity reinjection #9 at 0.900 ps (EkQ=1.086259, target=6.000000 kcal/mol, LOW).
..:[32mpyAdMD> [0mReplica 1: EkQ BEFORE=1.08625895 IMMEDIATE_AFTER=6.00000003 TARGET=6.00000000
..:[32mpyAdMD> [0m22:34:38 [32mReplica 1[0m: running [32mstep [33m10[0m/[32m50[0m...
..:[32mpyAdMD> [0mReplica 1: excitation velocity reinjection #10 at 1.000 ps (EkQ=0.479478, target=6.000000 kcal/mol, LOW).
..:[32mpyAdMD> [0mReplica 1: EkQ BEFORE=0.47947775 IMMEDIATE_AFTER=6.00000003 TARGET=6.00000000
..:[32mpyAdMD> [0m22:34:38 [32mReplica 1[0m: running [32mstep [33m11[0m/[32m50[0m...
..:[32mpyAdMD> [0mReplica 1: excitation velocity reinjection #11 at 1.100 ps (EkQ=1.137473, target=6.000000 kcal/mol, LOW).
..:[32mpyAdMD> [0mReplica 1: EkQ BEFORE=1.13747315 IMMEDIATE_AFTER=6.00000003 TARGET=6.00000000
..:[32mpyAdMD> [0m22:34:39 [32mReplica 1[0m: running [32mstep [33m12[0m/[32m50[0m...
..:[32mpyAdMD> [0mReplica 1: excitation velocity reinjection #12 at 1.200 ps (EkQ=0.389097, target=6.000000 kcal/mol, LOW).
..:[32mpyAdMD> [0mReplica 1: EkQ BEFORE=0.38909737 IMMEDIATE_AFTER=6.00000003 TARGET=6.00000000
..:[32mpyAdMD> [0m22:34:39 [32mReplica 1[0m: running [32mstep [33m13[0m/[32m50[0m...
..:[32mpyAdMD> [0mReplica 1: excitation velocity reinjection #13 at 1.300 ps (EkQ=0.079335, target=6.000000 kcal/mol, LOW).
..:[32mpyAdMD> [0mReplica 1: EkQ BEFORE=0.07933531 IMMEDIATE_AFTER=6.00000004 TARGET=6.00000000
..:[32mpyAdMD> [0m22:34:40 [32mReplica 1[0m: running [32mstep [33m14[0m/[32m50[0m...
..:[32mpyAdMD> [0mReplica 1: excitation velocity reinjection #14 at 1.400 ps (EkQ=0.002434, target=6.000000 kcal/mol, LOW).
..:[32mpyAdMD> [0mReplica 1: EkQ BEFORE=0.00243376 IMMEDIATE_AFTER=6.00000004 TARGET=6.00000000
..:[32mpyAdMD> [0m22:34:40 [32mReplica 1[0m: running [32mstep [33m15[0m/[32m50[0m...
..:[32mpyAdMD> [0mReplica 1: excitation velocity reinjection #15 at 1.500 ps (EkQ=0.000433, target=6.000000 kcal/mol, LOW).
..:[32mpyAdMD> [0mReplica 1: EkQ BEFORE=0.00043345 IMMEDIATE_AFTER=6.00000004 TARGET=6.00000000
..:[32mpyAdMD> [0m22:34:41 [32mReplica 1[0m: running [32mstep [33m16[0m/[32m50[0m...
..:[32mpyAdMD> [0mReplica 1: excitation velocity reinjection #16 at 1.600 ps (EkQ=0.038206, target=6.000000 kcal/mol, LOW).
..:[32mpyAdMD> [0mReplica 1: EkQ BEFORE=0.03820584 IMMEDIATE_AFTER=6.00000004 TARGET=6.00000000
..:[32mpyAdMD> [0m22:34:42 [32mReplica 1[0m: running [32mstep [33m17[0m/[32m50[0m...
..:[32mpyAdMD> [0mReplica 1: excitation velocity reinjection #17 at 1.700 ps (EkQ=1.199930, target=6.000000 kcal/mol, LOW).
..:[32mpyAdMD> [0mReplica 1: EkQ BEFORE=1.19993049 IMMEDIATE_AFTER=6.00000003 TARGET=6.00000000
..:[32mpyAdMD> [0m22:34:42 [32mReplica 1[0m: running [32mstep [33m18[0m/[32m50[0m...
..:[32mpyAdMD> [0mReplica 1: excitation velocity reinjection #18 at 1.800 ps (EkQ=2.099851, target=6.000000 kcal/mol, LOW).
..:[32mpyAdMD> [0mReplica 1: EkQ BEFORE=2.09985107 IMMEDIATE_AFTER=6.00000002 TARGET=6.00000000
..:[32mpyAdMD> [0m22:34:43 [32mReplica 1[0m: running [32mstep [33m19[0m/[32m50[0m...
..:[32mpyAdMD> [0mReplica 1: excitation velocity reinjection #19 at 1.900 ps (EkQ=0.004105, target=6.000000 kcal/mol, LOW).
..:[32mpyAdMD> [0mReplica 1: EkQ BEFORE=0.00410532 IMMEDIATE_AFTER=6.00000004 TARGET=6.00000000
..:[32mpyAdMD> [0m22:34:43 [32mReplica 1[0m: running [32mstep [33m20[0m/[32m50[0m...
..:[32mpyAdMD> [0mReplica 1: excitation velocity reinjection #20 at 2.000 ps (EkQ=0.356440, target=6.000000 kcal/mol, LOW).
..:[32mpyAdMD> [0mReplica 1: EkQ BEFORE=0.35643974 IMMEDIATE_AFTER=6.00000003 TARGET=6.00000000
..:[32mpyAdMD> [0m22:34:44 [32mReplica 1[0m: running [32mstep [33m21[0m/[32m50[0m...
..:[32mpyAdMD> [0m22:34:44 [32mReplica 1[0m: recomputing ENM modes at step [32m21[0m [method=harmonized; active m=3: [7, 8, 9]; search M=6: [7, 8, 9, 10, 11, 12]]...
..:[32mpyAdMD> [0mSelection '[32mprotein[0m' matched [32m6855[0m atoms (of [32m6855[0m total).
..:[32mpyAdMD> [0mSelected [32m440[0m Cα atoms.
..:[32mpyAdMD> [0mAdded [32m11798[0m ENM bonds with cutoff=[32m15.0[0m Å, min_distance=[32m0.29[0m Å, k=[32m1.0[0m kcal/mol/Å².
..:[32mpyAdMD> [0mCα structure saved to [32m/home/2022004/dperah02/GRESH/PMI/1pmi-capmi/1pmi-md/pyaMDeNM/pyAdMD-extcollect/openmm-gpu/pyadmd-distrib/examples/1pmi/run-enm-harmonized/rep1/step_21_enm/step_21_ca_structure.pdb[0m.
..:[32mpyAdMD> [0mComputing sparse Hessian for [32m440[0m particles ([32m11798[0m bonds)...
..:[32mpyAdMD> [0mSparse Hessian: [32m216,304[0m non-zeros ([32m12.414%[0m density).
..:[32mpyAdMD> [0mENM Hessian computed in [32m0.18[0m seconds.
..:[32mpyAdMD> [0mDiagonalizing sparse mass-weighted Hessian...
..:[32mpyAdMD> [0mDiagonalization completed in [32m0.14[0m seconds.
..:[32mpyAdMD> [0mWriting vectors and trajectories for modes [32m7, 8, 9, 10, 11, 12[0m...
..:[32mpyAdMD> [0mResults saved to [32m/home/2022004/dperah02/GRESH/PMI/1pmi-capmi/1pmi-md/pyaMDeNM/pyAdMD-extcollect/openmm-gpu/pyadmd-distrib/examples/1pmi/run-enm-harmonized/rep1/step_21_enm/step_21_ca_*.npy[0m files.
..:[32mpyAdMD> [0mENM subspace transported Q at cycle 21: m=3, M=6, Omega=0.9950, sigma_min=0.9967, alpha=1.000.
..:[32mpyAdMD> [0mENM recomputation + harmonized m/M subspace transport completed for [32mReplica 1[0m.

..:[32mpyAdMD> [0mReplica 1: excitation velocity reinjection #21 at 2.100 ps (EkQ=0.728482, target=6.000000 kcal/mol, LOW).
..:[32mpyAdMD> [0mReplica 1: EkQ BEFORE=0.72848156 IMMEDIATE_AFTER=6.00000000 TARGET=6.00000000
..:[32mpyAdMD> [0m22:35:00 [32mReplica 1[0m: running [32mstep [33m22[0m/[32m50[0m...
..:[32mpyAdMD> [0mReplica 1: excitation velocity reinjection #22 at 2.200 ps (EkQ=2.452323, target=6.000000 kcal/mol, LOW).
..:[32mpyAdMD> [0mReplica 1: EkQ BEFORE=2.45232256 IMMEDIATE_AFTER=6.00000000 TARGET=6.00000000
..:[32mpyAdMD> [0m22:35:00 [32mReplica 1[0m: running [32mstep [33m23[0m/[32m50[0m...
..:[32mpyAdMD> [0mReplica 1: excitation velocity reinjection #23 at 2.300 ps (EkQ=0.112120, target=6.000000 kcal/mol, LOW).
..:[32mpyAdMD> [0mReplica 1: EkQ BEFORE=0.11211966 IMMEDIATE_AFTER=6.00000000 TARGET=6.00000000
..:[32mpyAdMD> [0m22:35:01 [32mReplica 1[0m: running [32mstep [33m24[0m/[32m50[0m...
..:[32mpyAdMD> [0mReplica 1: excitation velocity reinjection #24 at 2.400 ps (EkQ=0.521113, target=6.000000 kcal/mol, LOW).
..:[32mpyAdMD> [0mReplica 1: EkQ BEFORE=0.52111263 IMMEDIATE_AFTER=6.00000000 TARGET=6.00000000
..:[32mpyAdMD> [0m22:35:02 [32mReplica 1[0m: running [32mstep [33m25[0m/[32m50[0m...
..:[32mpyAdMD> [0mReplica 1: excitation velocity reinjection #25 at 2.500 ps (EkQ=1.392902, target=6.000000 kcal/mol, LOW).
..:[32mpyAdMD> [0mReplica 1: EkQ BEFORE=1.39290165 IMMEDIATE_AFTER=6.00000000 TARGET=6.00000000
..:[32mpyAdMD> [0m22:35:02 [32mReplica 1[0m: running [32mstep [33m26[0m/[32m50[0m...
..:[32mpyAdMD> [0mReplica 1: excitation velocity reinjection #26 at 2.600 ps (EkQ=1.591546, target=6.000000 kcal/mol, LOW).
..:[32mpyAdMD> [0mReplica 1: EkQ BEFORE=1.59154587 IMMEDIATE_AFTER=6.00000000 TARGET=6.00000000
..:[32mpyAdMD> [0m22:35:03 [32mReplica 1[0m: running [32mstep [33m27[0m/[32m50[0m...
..:[32mpyAdMD> [0mReplica 1: excitation velocity reinjection #27 at 2.700 ps (EkQ=0.025297, target=6.000000 kcal/mol, LOW).
..:[32mpyAdMD> [0mReplica 1: EkQ BEFORE=0.02529713 IMMEDIATE_AFTER=6.00000000 TARGET=6.00000000
..:[32mpyAdMD> [0m22:35:03 [32mReplica 1[0m: running [32mstep [33m28[0m/[32m50[0m...
..:[32mpyAdMD> [0mReplica 1: excitation velocity reinjection #28 at 2.800 ps (EkQ=0.000114, target=6.000000 kcal/mol, LOW).
..:[32mpyAdMD> [0mReplica 1: EkQ BEFORE=0.00011403 IMMEDIATE_AFTER=6.00000000 TARGET=6.00000000
..:[32mpyAdMD> [0m22:35:04 [32mReplica 1[0m: running [32mstep [33m29[0m/[32m50[0m...
..:[32mpyAdMD> [0mReplica 1: excitation velocity reinjection #29 at 2.900 ps (EkQ=0.008339, target=6.000000 kcal/mol, LOW).
..:[32mpyAdMD> [0mReplica 1: EkQ BEFORE=0.00833860 IMMEDIATE_AFTER=6.00000000 TARGET=6.00000000
..:[32mpyAdMD> [0m22:35:05 [32mReplica 1[0m: running [32mstep [33m30[0m/[32m50[0m...
..:[32mpyAdMD> [0mReplica 1: excitation velocity reinjection #30 at 3.000 ps (EkQ=0.000974, target=6.000000 kcal/mol, LOW).
..:[32mpyAdMD> [0mReplica 1: EkQ BEFORE=0.00097401 IMMEDIATE_AFTER=6.00000000 TARGET=6.00000000
..:[32mpyAdMD> [0m22:35:05 [32mReplica 1[0m: running [32mstep [33m31[0m/[32m50[0m...
..:[32mpyAdMD> [0mReplica 1: excitation velocity reinjection #31 at 3.100 ps (EkQ=0.000057, target=6.000000 kcal/mol, LOW).
..:[32mpyAdMD> [0mReplica 1: EkQ BEFORE=0.00005669 IMMEDIATE_AFTER=6.00000000 TARGET=6.00000000
..:[32mpyAdMD> [0m22:35:05 [32mReplica 1[0m: running [32mstep [33m32[0m/[32m50[0m...
..:[32mpyAdMD> [0mReplica 1: excitation velocity reinjection #32 at 3.200 ps (EkQ=0.550983, target=6.000000 kcal/mol, LOW).
..:[32mpyAdMD> [0mReplica 1: EkQ BEFORE=0.55098298 IMMEDIATE_AFTER=6.00000000 TARGET=6.00000000
..:[32mpyAdMD> [0m22:35:06 [32mReplica 1[0m: running [32mstep [33m33[0m/[32m50[0m...
..:[32mpyAdMD> [0mReplica 1: excitation velocity reinjection #33 at 3.300 ps (EkQ=0.949847, target=6.000000 kcal/mol, LOW).
..:[32mpyAdMD> [0mReplica 1: EkQ BEFORE=0.94984716 IMMEDIATE_AFTER=6.00000000 TARGET=6.00000000
..:[32mpyAdMD> [0m22:35:07 [32mReplica 1[0m: running [32mstep [33m34[0m/[32m50[0m...
..:[32mpyAdMD> [0mReplica 1: excitation velocity reinjection #34 at 3.400 ps (EkQ=1.279556, target=6.000000 kcal/mol, LOW).
..:[32mpyAdMD> [0mReplica 1: EkQ BEFORE=1.27955645 IMMEDIATE_AFTER=6.00000000 TARGET=6.00000000
..:[32mpyAdMD> [0m22:35:07 [32mReplica 1[0m: running [32mstep [33m35[0m/[32m50[0m...
..:[32mpyAdMD> [0mReplica 1: excitation velocity reinjection #35 at 3.500 ps (EkQ=0.309287, target=6.000000 kcal/mol, LOW).
..:[32mpyAdMD> [0mReplica 1: EkQ BEFORE=0.30928656 IMMEDIATE_AFTER=6.00000000 TARGET=6.00000000
..:[32mpyAdMD> [0m22:35:08 [32mReplica 1[0m: running [32mstep [33m36[0m/[32m50[0m...
..:[32mpyAdMD> [0mReplica 1: excitation velocity reinjection #36 at 3.600 ps (EkQ=0.385543, target=6.000000 kcal/mol, LOW).
..:[32mpyAdMD> [0mReplica 1: EkQ BEFORE=0.38554330 IMMEDIATE_AFTER=6.00000000 TARGET=6.00000000
..:[32mpyAdMD> [0m22:35:09 [32mReplica 1[0m: running [32mstep [33m37[0m/[32m50[0m...
..:[32mpyAdMD> [0mReplica 1: excitation velocity reinjection #37 at 3.700 ps (EkQ=0.113973, target=6.000000 kcal/mol, LOW).
..:[32mpyAdMD> [0mReplica 1: EkQ BEFORE=0.11397292 IMMEDIATE_AFTER=6.00000000 TARGET=6.00000000
..:[32mpyAdMD> [0m22:35:09 [32mReplica 1[0m: running [32mstep [33m38[0m/[32m50[0m...
..:[32mpyAdMD> [0mReplica 1: excitation velocity reinjection #38 at 3.800 ps (EkQ=0.287060, target=6.000000 kcal/mol, LOW).
..:[32mpyAdMD> [0mReplica 1: EkQ BEFORE=0.28705978 IMMEDIATE_AFTER=6.00000000 TARGET=6.00000000
..:[32mpyAdMD> [0m22:35:09 [32mReplica 1[0m: running [32mstep [33m39[0m/[32m50[0m...
..:[32mpyAdMD> [0mReplica 1: excitation velocity reinjection #39 at 3.900 ps (EkQ=0.122464, target=6.000000 kcal/mol, LOW).
..:[32mpyAdMD> [0mReplica 1: EkQ BEFORE=0.12246351 IMMEDIATE_AFTER=6.00000000 TARGET=6.00000000
..:[32mpyAdMD> [0m22:35:10 [32mReplica 1[0m: running [32mstep [33m40[0m/[32m50[0m...
..:[32mpyAdMD> [0mReplica 1: excitation velocity reinjection #40 at 4.000 ps (EkQ=0.391646, target=6.000000 kcal/mol, LOW).
..:[32mpyAdMD> [0mReplica 1: EkQ BEFORE=0.39164562 IMMEDIATE_AFTER=6.00000000 TARGET=6.00000000
..:[32mpyAdMD> [0m22:35:11 [32mReplica 1[0m: running [32mstep [33m41[0m/[32m50[0m...
..:[32mpyAdMD> [0mReplica 1: excitation velocity reinjection #41 at 4.100 ps (EkQ=0.050632, target=6.000000 kcal/mol, LOW).
..:[32mpyAdMD> [0mReplica 1: EkQ BEFORE=0.05063164 IMMEDIATE_AFTER=6.00000000 TARGET=6.00000000
..:[32mpyAdMD> [0m22:35:11 [32mReplica 1[0m: running [32mstep [33m42[0m/[32m50[0m...
..:[32mpyAdMD> [0mReplica 1: excitation velocity reinjection #42 at 4.200 ps (EkQ=0.599429, target=6.000000 kcal/mol, LOW).
..:[32mpyAdMD> [0mReplica 1: EkQ BEFORE=0.59942930 IMMEDIATE_AFTER=6.00000000 TARGET=6.00000000
..:[32mpyAdMD> [0m22:35:12 [32mReplica 1[0m: running [32mstep [33m43[0m/[32m50[0m...
..:[32mpyAdMD> [0mReplica 1: excitation velocity reinjection #43 at 4.300 ps (EkQ=0.009590, target=6.000000 kcal/mol, LOW).
..:[32mpyAdMD> [0mReplica 1: EkQ BEFORE=0.00958952 IMMEDIATE_AFTER=6.00000000 TARGET=6.00000000
..:[32mpyAdMD> [0m22:35:12 [32mReplica 1[0m: running [32mstep [33m44[0m/[32m50[0m...
..:[32mpyAdMD> [0mReplica 1: excitation velocity reinjection #44 at 4.400 ps (EkQ=0.027981, target=6.000000 kcal/mol, LOW).
..:[32mpyAdMD> [0mReplica 1: EkQ BEFORE=0.02798064 IMMEDIATE_AFTER=6.00000000 TARGET=6.00000000
..:[32mpyAdMD> [0m22:35:13 [32mReplica 1[0m: running [32mstep [33m45[0m/[32m50[0m...
..:[32mpyAdMD> [0mReplica 1: excitation velocity reinjection #45 at 4.500 ps (EkQ=0.341791, target=6.000000 kcal/mol, LOW).
..:[32mpyAdMD> [0mReplica 1: EkQ BEFORE=0.34179097 IMMEDIATE_AFTER=6.00000000 TARGET=6.00000000
..:[32mpyAdMD> [0m22:35:14 [32mReplica 1[0m: running [32mstep [33m46[0m/[32m50[0m...
..:[32mpyAdMD> [0mReplica 1: excitation velocity reinjection #46 at 4.600 ps (EkQ=0.005598, target=6.000000 kcal/mol, LOW).
..:[32mpyAdMD> [0mReplica 1: EkQ BEFORE=0.00559822 IMMEDIATE_AFTER=6.00000000 TARGET=6.00000000
..:[32mpyAdMD> [0m22:35:14 [32mReplica 1[0m: running [32mstep [33m47[0m/[32m50[0m...
..:[32mpyAdMD> [0mReplica 1: excitation velocity reinjection #47 at 4.700 ps (EkQ=0.203931, target=6.000000 kcal/mol, LOW).
..:[32mpyAdMD> [0mReplica 1: EkQ BEFORE=0.20393099 IMMEDIATE_AFTER=6.00000000 TARGET=6.00000000
..:[32mpyAdMD> [0m22:35:14 [32mReplica 1[0m: running [32mstep [33m48[0m/[32m50[0m...
..:[32mpyAdMD> [0mReplica 1: excitation velocity reinjection #48 at 4.800 ps (EkQ=0.632747, target=6.000000 kcal/mol, LOW).
..:[32mpyAdMD> [0mReplica 1: EkQ BEFORE=0.63274729 IMMEDIATE_AFTER=6.00000000 TARGET=6.00000000
..:[32mpyAdMD> [0m22:35:15 [32mReplica 1[0m: running [32mstep [33m49[0m/[32m50[0m...
..:[32mpyAdMD> [0mReplica 1: excitation velocity reinjection #49 at 4.900 ps (EkQ=0.087657, target=6.000000 kcal/mol, LOW).
..:[32mpyAdMD> [0mReplica 1: EkQ BEFORE=0.08765675 IMMEDIATE_AFTER=6.00000000 TARGET=6.00000000
..:[32mpyAdMD> [0m22:35:16 [32mReplica 1[0m: running [32mstep [33m50[0m/[32m50[0m...
..:[32mpyAdMD> [0mReplica 1: excitation velocity reinjection #50 at 5.000 ps (EkQ=0.346180, target=6.000000 kcal/mol, LOW).
..:[32mpyAdMD> [0mReplica 1: EkQ BEFORE=0.34617985 IMMEDIATE_AFTER=6.00000000 TARGET=6.00000000

===== TEST COMPLETED =====
Tue Sep 15 22:35:18 CEST 2026

########################################
   Comptabilité du calcul 3230952 
########################################
$ sacct --format='JobID,Partition,JobName,MaxRSS,MaxVMSize,NTasks,AllocCPUS,Start,End,Elapsed,AveCPU,MinCPU,NNodes,ExitCode,State' -j 3230952
JobID           Partition  JobName           MaxRSS   MaxVMSize  NTasks  AllocCPUS  Start                End                  Elapsed   AveCPU  MinCPU  NNodes  ExitCode  State      
-----           ---------  -------           -------  ---------  ------  ---------  -----                ---                  -------   ------  ------  ------  --------  -----      
3230952         gpu_debug  pyadmd-dist-harm                              2          2026-09-15T22:34:03  2026-09-15T22:35:18  00:01:15                  1       0:0       COMPLETED  
3230952.batch              batch                                 1       2          2026-09-15T22:34:03  2026-09-15T22:35:18  00:01:15                  1       0:0       COMPLETED  
3230952.extern             extern                                1       2          2026-09-15T22:34:03  2026-09-15T22:35:18  00:01:15                  1       0:0       COMPLETED  

$ sacct --format='JobID,JobName,AllocCPUS,ReqTRES,AllocTRES,NNodes,NodeList,Elapsed,CPUTime' -j 3230952
JobID           JobName           AllocCPUS  ReqTRES                                    AllocTRES                                                  NNodes  NodeList  Elapsed   CPUTime   
-----           -------           ---------  -------                                    ---------                                                  ------  --------  -------   -------   
3230952         pyadmd-dist-harm  2          billing=8,cpu=2,gres/gpu=1,mem=32G,node=1  billing=8,cpu=2,gres/gpu:a100=1,gres/gpu=1,mem=32G,node=1  1       c23gpu1   00:01:15  00:02:30  
3230952.batch   batch             2                                                     cpu=2,gres/gpu:a100=1,gres/gpu=1,mem=32G,node=1            1       c23gpu1   00:01:15  00:02:30  
3230952.extern  extern            2                                                     billing=8,cpu=2,gres/gpu:a100=1,gres/gpu=1,mem=32G,node=1  1       c23gpu1   00:01:15  00:02:30  

Pour plus d'informations sur la comptabilité du calcul, merci de consulter la documentation http://www-tech.criann.fr ou le manuel 'man sacct'
