===== pyAdMD distribution validation =====
DATE       : Tue Sep 15 22:45:35 CEST 2026
HOST       : c23gpu1
DIST       : /home/2022004/dperah02/GRESH/PMI/1pmi-capmi/1pmi-md/pyaMDeNM/pyAdMD-extcollect/openmm-gpu/pyadmd-distrib
PYTHONPATH : /home/2022004/dperah02/GRESH/PMI/1pmi-capmi/1pmi-md/pyaMDeNM/pyAdMD-extcollect/openmm-gpu/pyadmd-distrib/src
pyadmd   = /home/2022004/dperah02/GRESH/PMI/1pmi-capmi/1pmi-md/pyaMDeNM/pyAdMD-extcollect/openmm-gpu/pyadmd-distrib/src/pyadmd/__init__.py
runner   = /home/2022004/dperah02/GRESH/PMI/1pmi-capmi/1pmi-md/pyaMDeNM/pyAdMD-extcollect/openmm-gpu/pyadmd-distrib/src/pyadmd/simulation/runner.py
subspace = /home/2022004/dperah02/GRESH/PMI/1pmi-capmi/1pmi-md/pyaMDeNM/pyAdMD-extcollect/openmm-gpu/pyadmd-distrib/src/pyadmd/modes/subspace.py

[5;36m
                            █████████       █████ ██████   ██████ ██████████
                           ███░░░░░███     ░░███ ░░██████ ██████ ░░███░░░░███
     ████████  █████ ████ ░███    ░███   ███████  ░███░█████░███  ░███   ░░███
    ░░███░░███░░███ ░███  ░███████████  ███░░███  ░███░░███ ░███  ░███    ░███
     ░███ ░███ ░███ ░███  ░███░░░░░███ ░███ ░███  ░███ ░░░  ░███  ░███    ░███
     ░███ ░███ ░███ ░███  ░███    ░███ ░███ ░███  ░███      ░███  ░███    ███
     ░███████  ░░███████  █████   █████░░████████ █████     █████ ██████████
     ░███░░░    ░░░░░███ ░░░░░   ░░░░░  ░░░░░░░░ ░░░░░     ░░░░░ ░░░░░░░░░░
     ░███       ███ ░███
     █████     ░░██████
    ░░░░░       ░░░░░░
    [0m
		[2;106mAdaptive Molecular Dynamics with Python[0m
			     version: 3.2.2

  Please cite:

    	Adaptive Normal Mode Sampling (aMDeNM) Enhances Exploration of Protein Conformational Space
    	and Reveals the Functional Role of Frequency Coupling.
    	P.T. Resende-Lara, M.G.S. Costa, B. Dudas, J. Czigleczki, E. Balog, D. Perahia.
    	J. Chem. Theory Comput. 14 July 2026; 22 (13): 6304–6321. https://doi.org/10.1021/acs.jctc.6c00398


The Adaptive Molecular Dynamics with Excited Normal Modes (aMDeNM) method applies a kinetic excitation of normal modes (NMs)
to enhance molecular dynamics simulations sampling. This technique consists in injecting additional atomic velocities along
uniformily distributed combinations of NM vectors, creating an effective coupling between slow and fast molecular motions.
The motions described by preselected directions of low-frequency NMs are dynamically adjusted throughout the simulation.
By coupling low-frequency NM excitation with adaptive directional adjustments, aMDeNM facilitates extensive exploration of
the energy landscape, overcoming the constraints of fixed, rectilinear displacements and alleviating structural stresses and
environmental resistance. Importantly, aMDeNM requires only an initial structure without the need to specify predefined
target states, distinguishing it from many biased sampling techniques that rely on predefined target conformations.


########################################
   Comptabilité du calcul 3230954 
########################################
$ sacct --format='JobID,Partition,JobName,MaxRSS,MaxVMSize,NTasks,AllocCPUS,Start,End,Elapsed,AveCPU,MinCPU,NNodes,ExitCode,State' -j 3230954
JobID           Partition  JobName          MaxRSS   MaxVMSize  NTasks  AllocCPUS  Start                End                  Elapsed   AveCPU  MinCPU  NNodes  ExitCode  State      
-----           ---------  -------          -------  ---------  ------  ---------  -----                ---                  -------   ------  ------  ------  --------  -----      
3230954         gpu_debug  pyadmd-dist-pff                              2          2026-09-15T22:45:33  2026-09-15T22:45:39  00:00:06                  1       2:0       FAILED     
3230954.batch              batch                                1       2          2026-09-15T22:45:33  2026-09-15T22:45:39  00:00:06                  1       2:0       FAILED     
3230954.extern             extern                               1       2          2026-09-15T22:45:33  2026-09-15T22:45:39  00:00:06                  1       0:0       COMPLETED  

$ sacct --format='JobID,JobName,AllocCPUS,ReqTRES,AllocTRES,NNodes,NodeList,Elapsed,CPUTime' -j 3230954
JobID           JobName          AllocCPUS  ReqTRES                                    AllocTRES                                                  NNodes  NodeList  Elapsed   CPUTime   
-----           -------          ---------  -------                                    ---------                                                  ------  --------  -------   -------   
3230954         pyadmd-dist-pff  2          billing=8,cpu=2,gres/gpu=1,mem=32G,node=1  billing=8,cpu=2,gres/gpu:a100=1,gres/gpu=1,mem=32G,node=1  1       c23gpu1   00:00:06  00:00:12  
3230954.batch   batch            2                                                     cpu=2,gres/gpu:a100=1,gres/gpu=1,mem=32G,node=1            1       c23gpu1   00:00:06  00:00:12  
3230954.extern  extern           2                                                     billing=8,cpu=2,gres/gpu:a100=1,gres/gpu=1,mem=32G,node=1  1       c23gpu1   00:00:06  00:00:12  

Pour plus d'informations sur la comptabilité du calcul, merci de consulter la documentation http://www-tech.criann.fr ou le manuel 'man sacct'
