1
                 Chemistry at HARvard Macromolecular Mechanics
               (CHARMM) - Stable Version 50b2   February 15, 2026               
                            Git commit ID 82863162d                             
       Copyright(c) 1984-2025  President and Fellows of Harvard College
                              All Rights Reserved
  Current operating system: Linux-5.14.0-570.119.1.el9_6.x86_64(x86_64)@c23gp¿  
                 Created on  9/15/26 at 22:57:10 by user: dperah02    

            Maximum number of ATOMS:    360720, and RESidues:      120240
 RDTITL> * WRITE CRD COORDINATE FILES OF PFF NORMAL MODES
 RDTITL> *
  
 CHARMM>     
  
 CHARMM>    DIMENS CHSIZE 3000000 MAXRES 3000000
Size      Original         New
MAXA        360720     3000000
MAXB        360720     3000000
MAXT        721440     6000000
MAXP       1082160     9000000
MAXIMP      180360     1500000
MAXNB        90180      750000
MAXPAD      360720     3000000
MAXRES      120240     3000000
MAXSEG       45090      375000
MAXATC        1400
MAXCB         3000
MAXCT        50000
MAXCP       100000
MAXCI         1200
MAXCH         6400
MAXCN       502503
MAXCRT      120240     1000000
  
 CHARMM>     
  
 CHARMM>    bomlev -5
 MISCOM> Setting BOMLev < -2 is NOT a good idea.
  
 CHARMM>    wrnlev 2
  
 CHARMM>     
  
 CHARMM>    ! ============================================== !
 CHARMM>    ! WRITE CRD COORDINATE FILES OF PFF NORMAL MODES !
 CHARMM>    ! ============================================== !
 CHARMM>     
  
 CHARMM>    ! READ TOPOLOGY AND PARAMETER FILES
 CHARMM>    ! file to some write information
 CHARMM>    open write card unit 22 name /dev/null
 VOPEN> Attempting to open::/dev/null::
 VCLOSE: Closing unit    0 with status "KEEP"
 OPNLGU> Unit 22 opened for WRITE access to /dev/null
  
 CHARMM>    outu 22
  
 CHARMM>     
  
 CHARMM>    ! Read system`s psf file
 CHARMM>    open read card unit 25 name ../inputs/@psffile
 Parameter: PSFFILE -> "STEP3_PBCSETUP.PSF"
 VOPEN> Attempting to open::../inputs/step3_pbcsetup.psf::
 OPNLGU> Unit 25 opened for READONLY access to ../inputs/step3_pbcsetup.psf
  
 CHARMM>    read psf card unit 25
 MAINIO> Protein structure file being read from unit  25.
 psf_read_formatted: Reading PSF in the expanded format.
 TITLE>  * GENERATED BY CHARMM-GUI (HTTP://WWW.CHARMM-GUI.ORG) V3.7 ON MAY, 02. 2025. JOB
 TITLE>  * SETUP PERIODIC BOUNDARY CONDITION
 TITLE>  *  DATE:     5/ 4/25     15:53: 2      CREATED BY USER: david
 TITLE>  *
 PSFSUM> PSF modified: NONBOND lists and IMAGE atoms cleared.
 PSFSUM> Summary of the structure file counters :
         Number of segments      =        5   Number of residues   =    31720
         Number of atoms         =   100319   Number of groups     =    33375
         Number of bonds         =   100199   Number of angles     =    43673
         Number of dihedrals     =    18457   Number of impropers  =     1188
         Number of cross-terms   =      438   Number of autogens   =        0
         Number of HB acceptors  =    31770   Number of HB donors  =    62932
         Number of NB exclusions =        0   Total charge =    0.00000
  
 CHARMM>    close unit 25
 VCLOSE: Closing unit   25 with status "KEEP"
  
 CHARMM>     
  
 CHARMM>    ! Define the group formed by the atoms considered in PFF NMA calculation
 CHARMM>    !###################################################################################################
 CHARMM>    !###################################################################################################
 CHARMM>    !####################### CHANGED TO INCORPORATE THE ZINC ON THE NORMAL MODES #######################
 CHARMM>    !###################################################################################################
 CHARMM>    !define SLCT sele segid PRO* end
 CHARMM>    define SLCT sele segid PRO* .or. segid HET* end
 SELRPN>   6856 atoms have been selected out of 100319
  
 CHARMM>    !###################################################################################################
 CHARMM>    !###################################################################################################
 CHARMM>    !###################################################################################################
 CHARMM>    set Nprtn ?nsel
 RDCMND substituted energy or value "?NSEL" to "6856"
 Parameter: NPRTN <- "6856"
  
 CHARMM>    ! Remove all atoms that are not considered in PFF NMA calculation
 CHARMM>    dele atom sele .not. SLCT end
 SELRPN>  93463 atoms have been selected out of 100319

 Message from MAPIC: Atom numbers are changed.

 Message from MAPIC:      31279 residues deleted.

 Message from MAPIC:          3 segments deleted.
 DELTIC:     93276 bonds deleted
 DELTIC:     31092 angles deleted
 DELTIC:     62184 donors deleted
 DELTIC:     31092 acceptors deleted
 PSFSUM> PSF modified: NONBOND lists and IMAGE atoms cleared.
 PSFSUM> Summary of the structure file counters :
         Number of segments      =        2   Number of residues   =      441
         Number of atoms         =     6856   Number of groups     =     2096
         Number of bonds         =     6923   Number of angles     =    12581
         Number of dihedrals     =    18457   Number of impropers  =     1188
         Number of cross-terms   =      438   Number of autogens   =        0
         Number of HB acceptors  =      678   Number of HB donors  =      748
         Number of NB exclusions =        0   Total charge =  -11.00000
  
 CHARMM>     
  
 CHARMM>    ! open the additional inputfile that includes the NM to write
 CHARMM>    open read card unit 13 name ../inputs/input.txt
 VOPEN> Attempting to open::../inputs/input.txt::
 OPNLGU> Unit 13 opened for READONLY access to ../inputs/input.txt
  
 CHARMM>     
  
 CHARMM>    prnlev 5
  
 CHARMM>     
  
 CHARMM>    ! Read all modes, select the mode of interest
 CHARMM>    ! and generate the displacement along it
 CHARMM>    system "wc -l < ../inputs/input.txt > /tmp/lines.txt"
Invoking: wc -l < ../inputs/input.txt > /tmp/lines.txt
  
 CHARMM>    open read card unit 14 name /tmp/lines.txt
 VOPEN> Attempting to open::/tmp/lines.txt::
 OPNLGU> Unit 14 opened for READONLY access to /tmp/lines.txt
  
 CHARMM>    get modnu unit 14
 Parameter: MODNU <- "4"
  
 CHARMM>    set nmloop 0
 Parameter: NMLOOP <- "0"
  
 CHARMM>     
  
 CHARMM>    label writemodes
  
 CHARMM>    incr nmloop by 1
 Parameter: NMLOOP <- "1"
  
 CHARMM>    get nm unit 13
 Parameter: NM <- "3"
  
 CHARMM>     
  
 CHARMM>    vibran nmod 406

 NONBOND OPTION FLAGS: 
     ELEC     VDW      ATOMs    CDIElec  FSHIft   VATOm    VFSWIt  
     BYGRoup  NOEXtnd  NOEWald 
 CUTNB  = 14.000 CTEXNB =999.000 CTONNB = 10.000 CTOFNB = 12.000
 CGONNB =  0.000 CGOFNB = 10.000
 WMIN   =  1.500 WRNMXD =  0.500 E14FAC =  1.000 EPS    =  1.000
 NBXMOD =      5
 There are        0 atom  pairs and        0 atom  exclusions.
 There are        0 group pairs and        0 group exclusions.
 <MAKINB> with mode   5 found  19504 exclusions and  18184 interactions(1-4)
 <MAKGRP> found   6159 group exclusions.
 Generating nonbond list with Exclusion mode = 5
 == PRIMARY == SPACE FOR  1970083 ATOM PAIRS AND        0 GROUP PAIRS
 == PRIMARY == SPACE FOR  2955144 ATOM PAIRS AND        0 GROUP PAIRS
 == PRIMARY == SPACE FOR  4432736 ATOM PAIRS AND        0 GROUP PAIRS
 == PRIMARY == SPACE FOR  6649124 ATOM PAIRS AND        0 GROUP PAIRS
 == PRIMARY == SPACE FOR  9973706 ATOM PAIRS AND        0 GROUP PAIRS
 == PRIMARY == SPACE FOR 14960579 ATOM PAIRS AND        0 GROUP PAIRS
 == PRIMARY == SPACE FOR 22440888 ATOM PAIRS AND        0 GROUP PAIRS
 == PRIMARY == SPACE FOR 33661352 ATOM PAIRS AND        0 GROUP PAIRS

 General atom nonbond list generation found:
 23479436 ATOM PAIRS WERE FOUND FOR ATOM LIST
        0 GROUP PAIRS REQUIRED ATOM SEARCHES

 VIBRAN: Space allocated for   406 vectors of length 20568
  
 VIBRAN>    open read file unit 40 name ../inputs/@modfile
 Parameter: MODFILE -> "1PMI-3.MOD"
 VOPEN> Attempting to open::../inputs/1pmi-3.mod::
 OPNLGU> Unit 40 opened for READONLY access to ../inputs/1pmi-3.mod
  
 VIBRAN>    read norm file mode @nm unit 40
 Parameter: NM -> "3"
 TITLE>  * GENERATED BY CHARMM-GUI (HTTP://WWW.CHARMM-GUI.ORG) V3.7 ON APR, 18. 2025. JOB
 TITLE>  * READ PDB, MANIPULATE STRUCTURE IF NEEDED, AND GENERATE TOPOLOGY FILE
 TITLE>  *  DATE:     5/ 1/25     16:36:46      CREATED BY USER: david
 TITLE>  *
  
 VIBRAN>    ! Get frequency of current mode
 VIBRAN>    print norm mode @nm
 Parameter: NM -> "3"

               NORMAL MODES

     3      0.00
 **** WARNING **** TRYING TO NORMALIZE A ZERO VECTOR NORM=  0.1550E-41
 IT WILL BE ZEROED.
 **** WARNING **** TRYING TO NORMALIZE A ZERO VECTOR NORM=  0.1550E-41
 IT WILL BE ZEROED.
 **** WARNING **** TRYING TO NORMALIZE A ZERO VECTOR NORM=  0.1550E-41
 IT WILL BE ZEROED.

  VIBRATION MODE   3  FREQUENCY=    0.000013  TRANS ROT %=    0.000000
  EIGENVALUE=    0.000000  ENERGY DERIVATIVE=    0.000000
  TYPE  'FACT'    1.0000   MASS   NORM  STEP=    1.000000

  
 VIBRAN>    fill comp mode 1 fact 1
  
 VIBRAN>    end
  
 CHARMM>     
  
 CHARMM>    ! When vibran fills comp array with the NM
 CHARMM>    ! it divides the vector by sqrt(m), so we
 CHARMM>    ! mass weight the mode
 CHARMM>    scalar wmain = mass
  
 CHARMM>    scalar wmain sqrt
  
 CHARMM>     
  
 CHARMM>    scalar xcomp prod wmain
  
 CHARMM>    scalar ycomp prod wmain
  
 CHARMM>    scalar zcomp prod wmain
  
 CHARMM>     
  
 CHARMM>    ! Get the mode frequency
 CHARMM>    set awkcmd "awk '/VIBRATION MODE/ {if($3=="@nm") print $5}' ../wrt-nm.out > /tmp/temp.txt"
 Parameter: NM -> "3"
 Parameter: AWKCMD <- ""awk '/VIBRATION MODE/ {if($3=="3") print $5}' ../wrt-nm.out > /tmp/temp.txt""
  
 CHARMM>    system @awkcmd
 Parameter: AWKCMD -> ""awk '/VIBRATION MODE/ {if($3=="3") print $5}' ../wrt-nm.out > /tmp/temp.txt""
Invoking: awk '/VIBRATION MODE/ {if($3=="3") print $5}' ../wrt-nm.out > /tmp/temp.txt
  
 CHARMM>     
  
 CHARMM>    open read card unit 12 name /tmp/temp.txt
 VOPEN> Attempting to open::/tmp/temp.txt::
 OPNLGU> Unit 12 opened for READONLY access to /tmp/temp.txt
  
 CHARMM>    get freq unit 12
 Parameter: FREQ <- "0.000013"
  
 CHARMM>     
  
 CHARMM>    open write card unit 14 name ../inputs/mode_nm@nm.crd
 Parameter: NM -> "3"
 OPNLGU> Unit already open. The old file will be closed first.
 VCLOSE: Closing unit   14 with status "KEEP"
 VOPEN> Attempting to open::../inputs/mode_nm3.crd::
 OPNLGU> Unit 14 opened for WRITE access to ../inputs/mode_nm3.crd
  
 CHARMM>    write coor comp card title unit 14
 RDTITL> * FREQUENCY = 0.000013
 RDTITL>  
 VCLOSE: Closing unit   14 with status "KEEP"
 **** Warning ****  The following extraneous characters
 were found while command processing in CHARMM
 TITLE
  
 CHARMM>     
  
 CHARMM>    if @nmloop .lt. @modnu goto writemodes
 Parameter: NMLOOP -> "1"
 Parameter: MODNU -> "4"
 Comparing "1" and "4".
 IF test evaluated as true.  Performing command
  
 CHARMM>    incr nmloop by 1
 Parameter: NMLOOP <- "2"
  
 CHARMM>    get nm unit 13
 Parameter: NM <- "7"
  
 CHARMM>     
  
 CHARMM>    vibran nmod 406

 NONBOND OPTION FLAGS: 
     ELEC     VDW      ATOMs    CDIElec  FSHIft   VATOm    VFSWIt  
     BYGRoup  NOEXtnd  NOEWald 
 CUTNB  = 14.000 CTEXNB =999.000 CTONNB = 10.000 CTOFNB = 12.000
 CGONNB =  0.000 CGOFNB = 10.000
 WMIN   =  1.500 WRNMXD =  0.500 E14FAC =  1.000 EPS    =  1.000
 NBXMOD =      5
 There are 23479436 atom  pairs and    37688 atom  exclusions.
 There are        0 group pairs and     6159 group exclusions.
 Generating nonbond list with Exclusion mode = 5
 == PRIMARY == SPACE FOR 33661352 ATOM PAIRS AND        0 GROUP PAIRS

 General atom nonbond list generation found:
 23479436 ATOM PAIRS WERE FOUND FOR ATOM LIST
        0 GROUP PAIRS REQUIRED ATOM SEARCHES

 VIBRAN: Space allocated for   406 vectors of length 20568
  
 VIBRAN>    open read file unit 40 name ../inputs/@modfile
 Parameter: MODFILE -> "1PMI-3.MOD"
 OPNLGU> Unit already open. The old file will be closed first.
 VCLOSE: Closing unit   40 with status "KEEP"
 VOPEN> Attempting to open::../inputs/1pmi-3.mod::
 OPNLGU> Unit 40 opened for READONLY access to ../inputs/1pmi-3.mod
  
 VIBRAN>    read norm file mode @nm unit 40
 Parameter: NM -> "7"
 TITLE>  * GENERATED BY CHARMM-GUI (HTTP://WWW.CHARMM-GUI.ORG) V3.7 ON APR, 18. 2025. JOB
 TITLE>  * READ PDB, MANIPULATE STRUCTURE IF NEEDED, AND GENERATE TOPOLOGY FILE
 TITLE>  *  DATE:     5/ 1/25     16:36:46      CREATED BY USER: david
 TITLE>  *
  
 VIBRAN>    ! Get frequency of current mode
 VIBRAN>    print norm mode @nm
 Parameter: NM -> "7"

               NORMAL MODES

     7      5.37
 **** WARNING **** TRYING TO NORMALIZE A ZERO VECTOR NORM=  0.1550E-41
 IT WILL BE ZEROED.
 **** WARNING **** TRYING TO NORMALIZE A ZERO VECTOR NORM=  0.1550E-41
 IT WILL BE ZEROED.
 **** WARNING **** TRYING TO NORMALIZE A ZERO VECTOR NORM=  0.1550E-41
 IT WILL BE ZEROED.

  VIBRATION MODE   7  FREQUENCY=    5.371900  TRANS ROT %=    0.000000
  EIGENVALUE=    0.002447  ENERGY DERIVATIVE=    0.000000
  TYPE  'FACT'    1.0000   MASS   NORM  STEP=    1.000000

  
 VIBRAN>    fill comp mode 1 fact 1
  
 VIBRAN>    end
  
 CHARMM>     
  
 CHARMM>    ! When vibran fills comp array with the NM
 CHARMM>    ! it divides the vector by sqrt(m), so we
 CHARMM>    ! mass weight the mode
 CHARMM>    scalar wmain = mass
  
 CHARMM>    scalar wmain sqrt
  
 CHARMM>     
  
 CHARMM>    scalar xcomp prod wmain
  
 CHARMM>    scalar ycomp prod wmain
  
 CHARMM>    scalar zcomp prod wmain
  
 CHARMM>     
  
 CHARMM>    ! Get the mode frequency
 CHARMM>    set awkcmd "awk '/VIBRATION MODE/ {if($3=="@nm") print $5}' ../wrt-nm.out > /tmp/temp.txt"
 Parameter: NM -> "7"
 Parameter: AWKCMD <- ""awk '/VIBRATION MODE/ {if($3=="7") print $5}' ../wrt-nm.out > /tmp/temp.txt""
  
 CHARMM>    system @awkcmd
 Parameter: AWKCMD -> ""awk '/VIBRATION MODE/ {if($3=="7") print $5}' ../wrt-nm.out > /tmp/temp.txt""
Invoking: awk '/VIBRATION MODE/ {if($3=="7") print $5}' ../wrt-nm.out > /tmp/temp.txt
  
 CHARMM>     
  
 CHARMM>    open read card unit 12 name /tmp/temp.txt
 OPNLGU> Unit already open. The old file will be closed first.
 VCLOSE: Closing unit   12 with status "KEEP"
 VOPEN> Attempting to open::/tmp/temp.txt::
 OPNLGU> Unit 12 opened for READONLY access to /tmp/temp.txt
  
 CHARMM>    get freq unit 12
 Parameter: FREQ <- "5.371900"
  
 CHARMM>     
  
 CHARMM>    open write card unit 14 name ../inputs/mode_nm@nm.crd
 Parameter: NM -> "7"
 VOPEN> Attempting to open::../inputs/mode_nm7.crd::
 OPNLGU> Unit 14 opened for WRITE access to ../inputs/mode_nm7.crd
  
 CHARMM>    write coor comp card title unit 14
 RDTITL> * FREQUENCY = 5.371900
 RDTITL>  
 VCLOSE: Closing unit   14 with status "KEEP"
 **** Warning ****  The following extraneous characters
 were found while command processing in CHARMM
 TITLE
  
 CHARMM>     
  
 CHARMM>    if @nmloop .lt. @modnu goto writemodes
 Parameter: NMLOOP -> "2"
 Parameter: MODNU -> "4"
 Comparing "2" and "4".
 IF test evaluated as true.  Performing command
  
 CHARMM>    incr nmloop by 1
 Parameter: NMLOOP <- "3"
  
 CHARMM>    get nm unit 13
 Parameter: NM <- "8"
  
 CHARMM>     
  
 CHARMM>    vibran nmod 406

 NONBOND OPTION FLAGS: 
     ELEC     VDW      ATOMs    CDIElec  FSHIft   VATOm    VFSWIt  
     BYGRoup  NOEXtnd  NOEWald 
 CUTNB  = 14.000 CTEXNB =999.000 CTONNB = 10.000 CTOFNB = 12.000
 CGONNB =  0.000 CGOFNB = 10.000
 WMIN   =  1.500 WRNMXD =  0.500 E14FAC =  1.000 EPS    =  1.000
 NBXMOD =      5
 There are 23479436 atom  pairs and    37688 atom  exclusions.
 There are        0 group pairs and     6159 group exclusions.
 Generating nonbond list with Exclusion mode = 5
 == PRIMARY == SPACE FOR 33661352 ATOM PAIRS AND        0 GROUP PAIRS

 General atom nonbond list generation found:
 23479436 ATOM PAIRS WERE FOUND FOR ATOM LIST
        0 GROUP PAIRS REQUIRED ATOM SEARCHES

 VIBRAN: Space allocated for   406 vectors of length 20568
  
 VIBRAN>    open read file unit 40 name ../inputs/@modfile
 Parameter: MODFILE -> "1PMI-3.MOD"
 OPNLGU> Unit already open. The old file will be closed first.
 VCLOSE: Closing unit   40 with status "KEEP"
 VOPEN> Attempting to open::../inputs/1pmi-3.mod::
 OPNLGU> Unit 40 opened for READONLY access to ../inputs/1pmi-3.mod
  
 VIBRAN>    read norm file mode @nm unit 40
 Parameter: NM -> "8"
 TITLE>  * GENERATED BY CHARMM-GUI (HTTP://WWW.CHARMM-GUI.ORG) V3.7 ON APR, 18. 2025. JOB
 TITLE>  * READ PDB, MANIPULATE STRUCTURE IF NEEDED, AND GENERATE TOPOLOGY FILE
 TITLE>  *  DATE:     5/ 1/25     16:36:46      CREATED BY USER: david
 TITLE>  *
  
 VIBRAN>    ! Get frequency of current mode
 VIBRAN>    print norm mode @nm
 Parameter: NM -> "8"

               NORMAL MODES

     8      5.79
 **** WARNING **** TRYING TO NORMALIZE A ZERO VECTOR NORM=  0.1550E-41
 IT WILL BE ZEROED.
 **** WARNING **** TRYING TO NORMALIZE A ZERO VECTOR NORM=  0.1550E-41
 IT WILL BE ZEROED.
 **** WARNING **** TRYING TO NORMALIZE A ZERO VECTOR NORM=  0.1550E-41
 IT WILL BE ZEROED.

  VIBRATION MODE   8  FREQUENCY=    5.788916  TRANS ROT %=    0.000000
  EIGENVALUE=    0.002842  ENERGY DERIVATIVE=    0.000000
  TYPE  'FACT'    1.0000   MASS   NORM  STEP=    1.000000

  
 VIBRAN>    fill comp mode 1 fact 1
  
 VIBRAN>    end
  
 CHARMM>     
  
 CHARMM>    ! When vibran fills comp array with the NM
 CHARMM>    ! it divides the vector by sqrt(m), so we
 CHARMM>    ! mass weight the mode
 CHARMM>    scalar wmain = mass
  
 CHARMM>    scalar wmain sqrt
  
 CHARMM>     
  
 CHARMM>    scalar xcomp prod wmain
  
 CHARMM>    scalar ycomp prod wmain
  
 CHARMM>    scalar zcomp prod wmain
  
 CHARMM>     
  
 CHARMM>    ! Get the mode frequency
 CHARMM>    set awkcmd "awk '/VIBRATION MODE/ {if($3=="@nm") print $5}' ../wrt-nm.out > /tmp/temp.txt"
 Parameter: NM -> "8"
 Parameter: AWKCMD <- ""awk '/VIBRATION MODE/ {if($3=="8") print $5}' ../wrt-nm.out > /tmp/temp.txt""
  
 CHARMM>    system @awkcmd
 Parameter: AWKCMD -> ""awk '/VIBRATION MODE/ {if($3=="8") print $5}' ../wrt-nm.out > /tmp/temp.txt""
Invoking: awk '/VIBRATION MODE/ {if($3=="8") print $5}' ../wrt-nm.out > /tmp/temp.txt
  
 CHARMM>     
  
 CHARMM>    open read card unit 12 name /tmp/temp.txt
 OPNLGU> Unit already open. The old file will be closed first.
 VCLOSE: Closing unit   12 with status "KEEP"
 VOPEN> Attempting to open::/tmp/temp.txt::
 OPNLGU> Unit 12 opened for READONLY access to /tmp/temp.txt
  
 CHARMM>    get freq unit 12
 Parameter: FREQ <- "5.788916"
  
 CHARMM>     
  
 CHARMM>    open write card unit 14 name ../inputs/mode_nm@nm.crd
 Parameter: NM -> "8"
 VOPEN> Attempting to open::../inputs/mode_nm8.crd::
 OPNLGU> Unit 14 opened for WRITE access to ../inputs/mode_nm8.crd
  
 CHARMM>    write coor comp card title unit 14
 RDTITL> * FREQUENCY = 5.788916
 RDTITL>  
 VCLOSE: Closing unit   14 with status "KEEP"
 **** Warning ****  The following extraneous characters
 were found while command processing in CHARMM
 TITLE
  
 CHARMM>     
  
 CHARMM>    if @nmloop .lt. @modnu goto writemodes
 Parameter: NMLOOP -> "3"
 Parameter: MODNU -> "4"
 Comparing "3" and "4".
 IF test evaluated as true.  Performing command
  
 CHARMM>    incr nmloop by 1
 Parameter: NMLOOP <- "4"
  
 CHARMM>    get nm unit 13
 Parameter: NM <- "9"
  
 CHARMM>     
  
 CHARMM>    vibran nmod 406

 NONBOND OPTION FLAGS: 
     ELEC     VDW      ATOMs    CDIElec  FSHIft   VATOm    VFSWIt  
     BYGRoup  NOEXtnd  NOEWald 
 CUTNB  = 14.000 CTEXNB =999.000 CTONNB = 10.000 CTOFNB = 12.000
 CGONNB =  0.000 CGOFNB = 10.000
 WMIN   =  1.500 WRNMXD =  0.500 E14FAC =  1.000 EPS    =  1.000
 NBXMOD =      5
 There are 23479436 atom  pairs and    37688 atom  exclusions.
 There are        0 group pairs and     6159 group exclusions.
 Generating nonbond list with Exclusion mode = 5
 == PRIMARY == SPACE FOR 33661352 ATOM PAIRS AND        0 GROUP PAIRS

 General atom nonbond list generation found:
 23479436 ATOM PAIRS WERE FOUND FOR ATOM LIST
        0 GROUP PAIRS REQUIRED ATOM SEARCHES

 VIBRAN: Space allocated for   406 vectors of length 20568
  
 VIBRAN>    open read file unit 40 name ../inputs/@modfile
 Parameter: MODFILE -> "1PMI-3.MOD"
 OPNLGU> Unit already open. The old file will be closed first.
 VCLOSE: Closing unit   40 with status "KEEP"
 VOPEN> Attempting to open::../inputs/1pmi-3.mod::
 OPNLGU> Unit 40 opened for READONLY access to ../inputs/1pmi-3.mod
  
 VIBRAN>    read norm file mode @nm unit 40
 Parameter: NM -> "9"
 TITLE>  * GENERATED BY CHARMM-GUI (HTTP://WWW.CHARMM-GUI.ORG) V3.7 ON APR, 18. 2025. JOB
 TITLE>  * READ PDB, MANIPULATE STRUCTURE IF NEEDED, AND GENERATE TOPOLOGY FILE
 TITLE>  *  DATE:     5/ 1/25     16:36:46      CREATED BY USER: david
 TITLE>  *
  
 VIBRAN>    ! Get frequency of current mode
 VIBRAN>    print norm mode @nm
 Parameter: NM -> "9"

               NORMAL MODES

     9      6.31
 **** WARNING **** TRYING TO NORMALIZE A ZERO VECTOR NORM=  0.1550E-41
 IT WILL BE ZEROED.
 **** WARNING **** TRYING TO NORMALIZE A ZERO VECTOR NORM=  0.1550E-41
 IT WILL BE ZEROED.
 **** WARNING **** TRYING TO NORMALIZE A ZERO VECTOR NORM=  0.1550E-41
 IT WILL BE ZEROED.

  VIBRATION MODE   9  FREQUENCY=    6.306361  TRANS ROT %=    0.000000
  EIGENVALUE=    0.003373  ENERGY DERIVATIVE=    0.000000
  TYPE  'FACT'    1.0000   MASS   NORM  STEP=    1.000000

  
 VIBRAN>    fill comp mode 1 fact 1
  
 VIBRAN>    end
  
 CHARMM>     
  
 CHARMM>    ! When vibran fills comp array with the NM
 CHARMM>    ! it divides the vector by sqrt(m), so we
 CHARMM>    ! mass weight the mode
 CHARMM>    scalar wmain = mass
  
 CHARMM>    scalar wmain sqrt
  
 CHARMM>     
  
 CHARMM>    scalar xcomp prod wmain
  
 CHARMM>    scalar ycomp prod wmain
  
 CHARMM>    scalar zcomp prod wmain
  
 CHARMM>     
  
 CHARMM>    ! Get the mode frequency
 CHARMM>    set awkcmd "awk '/VIBRATION MODE/ {if($3=="@nm") print $5}' ../wrt-nm.out > /tmp/temp.txt"
 Parameter: NM -> "9"
 Parameter: AWKCMD <- ""awk '/VIBRATION MODE/ {if($3=="9") print $5}' ../wrt-nm.out > /tmp/temp.txt""
  
 CHARMM>    system @awkcmd
 Parameter: AWKCMD -> ""awk '/VIBRATION MODE/ {if($3=="9") print $5}' ../wrt-nm.out > /tmp/temp.txt""
Invoking: awk '/VIBRATION MODE/ {if($3=="9") print $5}' ../wrt-nm.out > /tmp/temp.txt
  
 CHARMM>     
  
 CHARMM>    open read card unit 12 name /tmp/temp.txt
 OPNLGU> Unit already open. The old file will be closed first.
 VCLOSE: Closing unit   12 with status "KEEP"
 VOPEN> Attempting to open::/tmp/temp.txt::
 OPNLGU> Unit 12 opened for READONLY access to /tmp/temp.txt
  
 CHARMM>    get freq unit 12
 Parameter: FREQ <- "6.306361"
  
 CHARMM>     
  
 CHARMM>    open write card unit 14 name ../inputs/mode_nm@nm.crd
 Parameter: NM -> "9"
 VOPEN> Attempting to open::../inputs/mode_nm9.crd::
 OPNLGU> Unit 14 opened for WRITE access to ../inputs/mode_nm9.crd
  
 CHARMM>    write coor comp card title unit 14
 RDTITL> * FREQUENCY = 6.306361
 RDTITL>  
 VCLOSE: Closing unit   14 with status "KEEP"
 **** Warning ****  The following extraneous characters
 were found while command processing in CHARMM
 TITLE
  
 CHARMM>     
  
 CHARMM>    if @nmloop .lt. @modnu goto writemodes
 Parameter: NMLOOP -> "4"
 Parameter: MODNU -> "4"
 Comparing "4" and "4".
 IF test evaluated as false.  Skipping command
  
 CHARMM>     
  
 CHARMM>     
  
 CHARMM>    close unit 13
 VCLOSE: Closing unit   13 with status "KEEP"
  
 CHARMM>     
  
 CHARMM>    stop
 VCLOSE: Closing unit   10 with status "KEEP"
 VCLOSE: Closing unit   12 with status "KEEP"
 VCLOSE: Closing unit   20 with status "KEEP"
 VCLOSE: Closing unit   22 with status "KEEP"
 VCLOSE: Closing unit   40 with status "KEEP"
      $$$$$$  New timer profile Local node$$$$$
 Total time                      8.76 Other:            0.00
         $$$$$$  Average   profile $$$$$
 Total time                      8.76 Other:            0.00

                    NORMAL TERMINATION BY NORMAL STOP
                    MOST SEVERE WARNING WAS AT LEVEL  1

                    $$$$$ JOB ACCOUNTING INFORMATION $$$$$
                     ELAPSED TIME:     8.76  SECONDS 
                         CPU TIME:     8.63  SECONDS 
